// Jest Snapshot v1, https://goo.gl/fbAQLP

exports[`Scale renders correctly 1`] = `
ShallowWrapper {
  "length": 1,
  Symbol(enzyme.__root__): [Circular],
  Symbol(enzyme.__unrendered__): <Scale />,
  Symbol(enzyme.__renderer__): Object {
    "batchedUpdates": [Function],
    "getNode": [Function],
    "render": [Function],
    "simulateEvent": [Function],
    "unmount": [Function],
  },
  Symbol(enzyme.__node__): Object {
    "instance": null,
    "key": undefined,
    "nodeType": "host",
    "props": Object {
      "children": Array [
        <h1>
          Scale component
</h1>,
        <input
          id="firstScale"
<<<<<<< HEAD
          max="100"
          min="0"
          name="moodScale"
          onChange={[Function]}
          type="number"
=======
          name="scaleInput"
          onChange={undefined}
          type="integer"
>>>>>>> 56fb018de3b7225f29830c1878c414b6b7572e4a
/>,
      ],
    },
    "ref": null,
    "rendered": Array [
      Object {
        "instance": null,
        "key": undefined,
        "nodeType": "host",
        "props": Object {
          "children": "Scale component",
        },
        "ref": null,
        "rendered": "Scale component",
        "type": "h1",
      },
      Object {
        "instance": null,
        "key": undefined,
        "nodeType": "host",
        "props": Object {
          "id": "firstScale",
<<<<<<< HEAD
          "max": "100",
          "min": "0",
          "name": "moodScale",
          "onChange": [Function],
          "type": "number",
=======
          "name": "scaleInput",
          "onChange": undefined,
          "type": "integer",
>>>>>>> 56fb018de3b7225f29830c1878c414b6b7572e4a
        },
        "ref": null,
        "rendered": null,
        "type": "input",
      },
    ],
    "type": "div",
  },
  Symbol(enzyme.__nodes__): Array [
    Object {
      "instance": null,
      "key": undefined,
      "nodeType": "host",
      "props": Object {
        "children": Array [
          <h1>
            Scale component
</h1>,
          <input
            id="firstScale"
<<<<<<< HEAD
            max="100"
            min="0"
            name="moodScale"
            onChange={[Function]}
            type="number"
=======
            name="scaleInput"
            onChange={undefined}
            type="integer"
>>>>>>> 56fb018de3b7225f29830c1878c414b6b7572e4a
/>,
        ],
      },
      "ref": null,
      "rendered": Array [
        Object {
          "instance": null,
          "key": undefined,
          "nodeType": "host",
          "props": Object {
            "children": "Scale component",
          },
          "ref": null,
          "rendered": "Scale component",
          "type": "h1",
        },
        Object {
          "instance": null,
          "key": undefined,
          "nodeType": "host",
          "props": Object {
            "id": "firstScale",
<<<<<<< HEAD
            "max": "100",
            "min": "0",
            "name": "moodScale",
            "onChange": [Function],
            "type": "number",
=======
            "name": "scaleInput",
            "onChange": undefined,
            "type": "integer",
>>>>>>> 56fb018de3b7225f29830c1878c414b6b7572e4a
          },
          "ref": null,
          "rendered": null,
          "type": "input",
        },
      ],
      "type": "div",
    },
  ],
  Symbol(enzyme.__options__): Object {
    "adapter": ReactSixteenAdapter {
      "options": Object {
        "enableComponentDidUpdateOnSetState": true,
      },
    },
    "disableLifecycleMethods": true,
  },
}
`;
